2026-01-11 21:49:54,614 - INFO - 
2026-01-11 21:49:54,615 - INFO - ╔══════════════════════════════════════════════════════════╗
2026-01-11 21:49:54,615 - INFO - ║  TRAFFIC ANALYZER - 2026-01-11 21:49:54  ║
2026-01-11 21:49:54,615 - INFO - ╚══════════════════════════════════════════════════════════╝
2026-01-11 21:49:54,615 - INFO - 📅 Today is Sunday (weekend). Skipping analysis.
2026-01-11 21:49:54,617 - INFO - ============================================================
2026-01-11 21:51:09,007 - INFO - 
2026-01-11 21:51:09,007 - INFO - ╔══════════════════════════════════════════════════════════╗
2026-01-11 21:51:09,008 - INFO - ║  TRAFFIC ANALYZER - 2026-01-11 21:51:09  ║
2026-01-11 21:51:09,008 - INFO - ╚══════════════════════════════════════════════════════════╝
2026-01-11 21:51:09,008 - INFO - 📅 Today is Sunday (weekend). Skipping analysis.
2026-01-11 21:51:09,008 - INFO - ============================================================
2026-01-11 21:52:13,583 - INFO - 
2026-01-11 21:52:13,583 - INFO - ╔══════════════════════════════════════════════════════════╗
2026-01-11 21:52:13,584 - INFO - ║  TRAFFIC ANALYZER - 2026-01-11 21:52:13  ║
2026-01-11 21:52:13,584 - INFO - ╚══════════════════════════════════════════════════════════╝
2026-01-11 21:52:13,584 - INFO - 🧪 TEST MODE: Weekend check bypassed
2026-01-11 21:52:13,584 - INFO - ✅ API Key: AIzaSyA1sYTfIN3...
2026-01-11 21:52:13,584 - INFO - ✅ Email: kmankanda@gmail.com
2026-01-11 21:52:13,584 - INFO - ============================================================
2026-01-11 21:52:13,585 - INFO - Starting traffic analysis for all routes...
2026-01-11 21:52:13,585 - INFO - ============================================================
2026-01-11 21:52:13,585 - INFO - [1/5] Checking Route 1: Uhuru Park → Ngong Road → Mombasa Road...
2026-01-11 21:52:14,249 - INFO -       ⏱️ 5 mins (2.3 km)
2026-01-11 21:52:14,249 - INFO - [2/5] Checking Route 2: Uhuru Park → Ngong Road → Expressway → Airport North Road...
2026-01-11 21:52:15,058 - INFO -       ⏱️ 5 mins (2.3 km)
2026-01-11 21:52:15,058 - INFO - [3/5] Checking Route 3: Uhuru Park → Ngong Road → Mombasa Road → Likoni Road...
2026-01-11 21:52:16,290 - INFO -       ⏱️ 5 mins (2.3 km)
2026-01-11 21:52:16,290 - INFO - [4/5] Checking Route 4: Hurlingham → Kenyatta Hospital → Raila Odinga Way → Mombasa Road...
2026-01-11 21:52:17,126 - INFO -       ⏱️ 7 mins (2.9 km)
2026-01-11 21:52:17,126 - INFO - [5/5] Checking Route 5: Hurlingham → Kenyatta Hospital → Raila Odinga Way → Likoni Road...
2026-01-11 21:52:17,830 - INFO -       ⏱️ 7 mins (2.9 km)
2026-01-11 21:52:17,830 - INFO - ------------------------------------------------------------
2026-01-11 21:52:17,830 - INFO - ✅ Analysis complete: 5 routes analyzed
2026-01-11 21:52:17,830 - INFO - 🏆 Fastest route: Route 1: Uhuru Park → Ngong Road → Mombasa Road (5 mins)
2026-01-11 21:52:17,830 - INFO - ============================================================
2026-01-11 21:52:17,831 - INFO - 📝 Results saved to /app/logs/traffic_history_202601.json
2026-01-11 21:52:19,890 - INFO - ✅ Email sent successfully to kenneth.kirop@gmail.com
2026-01-11 21:52:19,891 - INFO - 
2026-01-11 21:52:19,891 - INFO - ✅ Traffic analysis complete!
2026-01-11 21:52:19,891 - INFO - ============================================================
2026-01-11 21:52:19,891 - INFO - 
2026-01-11 21:58:30,713 - INFO - 
2026-01-11 21:58:30,716 - INFO - ╔══════════════════════════════════════════════════════════╗
2026-01-11 21:58:30,716 - INFO - ║  TRAFFIC ANALYZER - 2026-01-11 21:58:30  ║
2026-01-11 21:58:30,717 - INFO - ╚══════════════════════════════════════════════════════════╝
2026-01-11 21:58:30,717 - INFO - 🧪 TEST MODE: Weekend check bypassed
2026-01-11 21:58:30,717 - INFO - ✅ API Key: AIzaSyA1sYTfIN3...
2026-01-11 21:58:30,717 - INFO - ✅ Email: kmankanda@gmail.com
2026-01-11 21:58:30,717 - INFO - ============================================================
2026-01-11 21:58:30,717 - INFO - Starting traffic analysis for all routes...
2026-01-11 21:58:30,718 - INFO - ============================================================
2026-01-11 21:58:30,718 - INFO - [1/5] Checking Route 1: Uhuru Park → Ngong Road → Mombasa Road...
2026-01-11 21:58:31,809 - INFO -       ⏱️ 7 mins (3.0 km)
2026-01-11 21:58:31,809 - INFO - [2/5] Checking Route 2: Uhuru Park → Ngong Road → Expressway → Airport North Road...
2026-01-11 21:58:32,502 - INFO -       ⏱️ 7 mins (3.0 km)
2026-01-11 21:58:32,502 - INFO - [3/5] Checking Route 3: Uhuru Park → Ngong Road → Mombasa Road → Likoni Road...
2026-01-11 21:58:33,762 - INFO -       ⏱️ 7 mins (3.0 km)
2026-01-11 21:58:33,762 - INFO - [4/5] Checking Route 4: Hurlingham → Kenyatta Hospital → Raila Odinga → Mombasa Road...
2026-01-11 21:58:34,410 - INFO -       ⏱️ 9 mins (3.1 km)
2026-01-11 21:58:34,410 - INFO - [5/5] Checking Route 5: Hurlingham → Kenyatta Hospital → Raila Odinga → Likoni Road...
2026-01-11 21:58:35,285 - INFO -       ⏱️ 9 mins (3.1 km)
2026-01-11 21:58:35,285 - INFO - ------------------------------------------------------------
2026-01-11 21:58:35,285 - INFO - ✅ Analysis complete: 5 routes analyzed
2026-01-11 21:58:35,285 - INFO - 🏆 Fastest route: Route 1: Uhuru Park → Ngong Road → Mombasa Road (7 mins)
2026-01-11 21:58:35,285 - INFO - ============================================================
2026-01-11 21:58:35,287 - INFO - 📝 Results saved to /app/logs/traffic_history_202601.json
2026-01-11 21:58:37,412 - INFO - ✅ Email sent successfully to kenneth.kirop@gmail.com
2026-01-11 21:58:37,412 - INFO - 
2026-01-11 21:58:37,412 - INFO - ✅ Traffic analysis complete!
2026-01-11 21:58:37,412 - INFO - ============================================================
2026-01-11 21:58:37,412 - INFO - 
2026-01-12 00:15:10,005 - INFO - 
2026-01-12 00:15:10,006 - INFO - ╔══════════════════════════════════════════════════════════╗
2026-01-12 00:15:10,006 - INFO - ║  TRAFFIC ANALYZER - 2026-01-12 00:15:10  ║
2026-01-12 00:15:10,006 - INFO - ╚══════════════════════════════════════════════════════════╝
2026-01-12 00:15:10,007 - INFO - 🧪 TEST MODE: Weekend check bypassed
2026-01-12 00:15:10,007 - INFO - ✅ API Key: AIzaSyA1sYTfIN3...
2026-01-12 00:15:10,007 - INFO - ✅ Email: kmankanda@gmail.com
2026-01-12 00:15:10,007 - INFO - ============================================================
2026-01-12 00:15:10,007 - INFO - Starting traffic analysis for all routes...
2026-01-12 00:15:10,007 - INFO - ============================================================
2026-01-12 00:15:10,008 - INFO - [1/3] Checking Route 1: Via Mombasa Road...
2026-01-12 00:15:10,764 - INFO -       ⏱️ 2 mins (1.0 km)
2026-01-12 00:15:10,764 - INFO - [2/3] Checking Route 2: Via Expressway to Airport North Road...
2026-01-12 00:15:11,580 - INFO -       ⏱️ 2 mins (1.0 km)
2026-01-12 00:15:11,584 - INFO - [3/3] Checking Route 3: Via Likoni Road & Lunga Lunga...
2026-01-12 00:15:12,758 - INFO -       ⏱️ 2 mins (1.0 km)
2026-01-12 00:15:12,758 - INFO - ------------------------------------------------------------
2026-01-12 00:15:12,758 - INFO - ✅ Analysis complete: 3 routes analyzed
2026-01-12 00:15:12,758 - INFO - 🏆 Fastest route: Route 1: Via Mombasa Road (2 mins)
2026-01-12 00:15:12,758 - INFO - ============================================================
2026-01-12 00:15:12,760 - INFO - 📝 Results saved to /app/logs/traffic_history_202601.json
2026-01-12 00:15:15,556 - INFO - ✅ Email sent successfully to kenneth.kirop@gmail.com
2026-01-12 00:15:15,556 - INFO - 
2026-01-12 00:15:15,556 - INFO - ✅ Traffic analysis complete!
2026-01-12 00:15:15,556 - INFO - ============================================================
2026-01-12 00:15:15,556 - INFO - 
2026-01-12 08:52:38,327 - INFO - 
2026-01-12 08:52:38,329 - INFO - ╔══════════════════════════════════════════════════════════╗
2026-01-12 08:52:38,330 - INFO - ║  TRAFFIC ANALYZER - 2026-01-12 08:52:38  ║
2026-01-12 08:52:38,330 - INFO - ╚══════════════════════════════════════════════════════════╝
2026-01-12 08:52:38,330 - INFO - 🧪 TEST MODE: Weekend check bypassed
2026-01-12 08:52:38,330 - INFO - ✅ API Key: AIzaSyA1sYTfIN3...
2026-01-12 08:52:38,330 - INFO - ✅ Email: kmankanda@gmail.com
2026-01-12 08:52:38,330 - INFO - ============================================================
2026-01-12 08:52:38,331 - INFO - Starting traffic analysis for all routes...
2026-01-12 08:52:38,331 - INFO - ============================================================
2026-01-12 08:52:38,332 - INFO - [1/3] Checking Route 1: Via Mombasa Road...
2026-01-12 08:52:39,206 - INFO -       ⏱️ 2 mins (1.0 km)
2026-01-12 08:52:39,219 - INFO - [2/3] Checking Route 2: Via Expressway to Airport North Road...
2026-01-12 08:52:40,034 - INFO -       ⏱️ 2 mins (1.0 km)
2026-01-12 08:52:40,035 - INFO - [3/3] Checking Route 3: Via Likoni Road & Lunga Lunga...
2026-01-12 08:52:40,855 - INFO -       ⏱️ 2 mins (1.0 km)
2026-01-12 08:52:40,856 - INFO - ------------------------------------------------------------
2026-01-12 08:52:40,857 - INFO - ✅ Analysis complete: 3 routes analyzed
2026-01-12 08:52:40,857 - INFO - 🏆 Fastest route: Route 1: Via Mombasa Road (2 mins)
2026-01-12 08:52:40,857 - INFO - ============================================================
2026-01-12 08:52:40,860 - INFO - 📝 Results saved to /app/logs/traffic_history_202601.json
2026-01-12 08:52:43,354 - INFO - ✅ Email sent successfully to kenneth.kirop@gmail.com
2026-01-12 08:52:43,354 - INFO - 
2026-01-12 08:52:43,354 - INFO - ✅ Traffic analysis complete!
2026-01-12 08:52:43,354 - INFO - ============================================================
2026-01-12 08:52:43,354 - INFO - 
2026-01-12 08:59:15,196 - INFO - 
2026-01-12 08:59:15,197 - INFO - ╔══════════════════════════════════════════════════════════╗
2026-01-12 08:59:15,198 - INFO - ║  TRAFFIC ANALYZER - 2026-01-12 08:59:15  ║
2026-01-12 08:59:15,198 - INFO - ╚══════════════════════════════════════════════════════════╝
2026-01-12 08:59:15,198 - INFO - 🧪 TEST MODE: Weekend check bypassed
2026-01-12 08:59:15,198 - INFO - ✅ API Key: AIzaSyA1sYTfIN3...
2026-01-12 08:59:15,199 - INFO - ✅ Email: kmankanda@gmail.com
2026-01-12 08:59:15,199 - INFO - ============================================================
2026-01-12 08:59:15,199 - INFO - Starting traffic analysis for all routes...
2026-01-12 08:59:15,199 - INFO - ============================================================
2026-01-12 08:59:15,199 - INFO - [1/3] Checking Route 1: Via Mombasa Road...
2026-01-12 08:59:16,147 - INFO -       ⏱️ 2 mins (1.0 km)
2026-01-12 08:59:16,147 - INFO - [2/3] Checking Route 2: Via Expressway to Airport North Road...
2026-01-12 08:59:17,110 - INFO -       ⏱️ 2 mins (1.0 km)
2026-01-12 08:59:17,110 - INFO - [3/3] Checking Route 3: Via Likoni Road & Lunga Lunga...
2026-01-12 08:59:18,082 - INFO -       ⏱️ 2 mins (1.0 km)
2026-01-12 08:59:18,082 - INFO - ------------------------------------------------------------
2026-01-12 08:59:18,082 - INFO - ✅ Analysis complete: 3 routes analyzed
2026-01-12 08:59:18,082 - INFO - 🏆 Fastest route: Route 1: Via Mombasa Road (2 mins)
2026-01-12 08:59:18,082 - INFO - ============================================================
2026-01-12 08:59:18,084 - INFO - 📝 Results saved to /app/logs/traffic_history_202601.json
2026-01-12 08:59:20,581 - INFO - ✅ Email sent successfully to kenneth.kirop@gmail.com
2026-01-12 08:59:20,581 - INFO - 
2026-01-12 08:59:20,581 - INFO - ✅ Traffic analysis complete!
2026-01-12 08:59:20,582 - INFO - ============================================================
2026-01-12 08:59:20,582 - INFO - 
2026-01-12 09:00:58,299 - INFO - 
2026-01-12 09:00:58,300 - INFO - ╔══════════════════════════════════════════════════════════╗
2026-01-12 09:00:58,300 - INFO - ║  TRAFFIC ANALYZER - 2026-01-12 09:00:58  ║
2026-01-12 09:00:58,300 - INFO - ╚══════════════════════════════════════════════════════════╝
2026-01-12 09:00:58,300 - INFO - 🧪 TEST MODE: Weekend check bypassed
2026-01-12 09:00:58,301 - INFO - ✅ API Key: AIzaSyA1sYTfIN3...
2026-01-12 09:00:58,301 - INFO - ✅ Email: kmankanda@gmail.com
2026-01-12 09:00:58,301 - INFO - ============================================================
2026-01-12 09:00:58,302 - INFO - Starting traffic analysis for all routes...
2026-01-12 09:00:58,302 - INFO - ============================================================
2026-01-12 09:00:58,302 - INFO - [1/3] Checking Route 1: Via Mombasa Road...
2026-01-12 09:00:59,645 - INFO -       ⏱️ 33 mins (18.5 km)
2026-01-12 09:00:59,645 - INFO - [2/3] Checking Route 2: Via Expressway to Airport North Road...
2026-01-12 09:01:00,449 - INFO -       ⏱️ 49 mins (33.4 km)
2026-01-12 09:01:00,450 - INFO - [3/3] Checking Route 3: Via Likoni Road & Lunga Lunga...
2026-01-12 09:01:01,432 - INFO -       ⏱️ 39 mins (18.9 km)
2026-01-12 09:01:01,432 - INFO - ------------------------------------------------------------
2026-01-12 09:01:01,433 - INFO - ✅ Analysis complete: 3 routes analyzed
2026-01-12 09:01:01,433 - INFO - 🏆 Fastest route: Route 1: Via Mombasa Road (33 mins)
2026-01-12 09:01:01,433 - INFO - ============================================================
2026-01-12 09:01:01,436 - INFO - 📝 Results saved to /app/logs/traffic_history_202601.json
2026-01-12 09:01:03,836 - INFO - ✅ Email sent successfully to kenneth.kirop@gmail.com
2026-01-12 09:01:03,837 - INFO - 
2026-01-12 09:01:03,837 - INFO - ✅ Traffic analysis complete!
2026-01-12 09:01:03,837 - INFO - ============================================================
2026-01-12 09:01:03,837 - INFO - 
